// Jest Snapshot v1, https://goo.gl/fbAQLP

exports[`Search should match snapshot 1`] = `
<DocumentFragment>
  <div
    class="sc-bgqQcB ighHLN"
  >
    <div
      class="sc-gTRrQi cLuoSN"
    >
      <span
        class="octicon octicon-search"
      />
      <input
        class="sc-ewnqHT eQrKCi"
        placeholder="Search Gists for the username"
        value=""
      />
    </div>
  </div>
</DocumentFragment>
`;
