// Jest Snapshot v1, https://goo.gl/fbAQLP

exports[`Avatar should match snapshot 1`] = `
<DocumentFragment>
  <div
    class="sc-bgqQcB cTRgPa"
  />
</DocumentFragment>
`;

exports[`Container should match snapshot 1`] = `
<DocumentFragment>
  <div
    class="sc-bgqQcB cTRgPa"
  />
</DocumentFragment>
`;
